// Jest Snapshot v1, https://jestjs.io/docs/snapshot-testing

exports[`<MyComponent/> Should render the heading 1`] = `
<main
  class=""
>
  <h1>
    MyComponent
  </h1>
</main>
`;
