// Jest Snapshot v1, https://jestjs.io/docs/snapshot-testing

exports[`<Main /> Should render the heading 1`] = `
<div
  class="MuiBox-root css-c2qu53"
>
  <img
    class="css-p803vk"
    src="/img/logo.svg"
  />
  <h1
    class="MuiTypography-root MuiTypography-h1 css-82eldw-MuiTypography-root"
  >
    React Avan√ßado
  </h1>
  <p
    class="MuiTypography-root MuiTypography-body1 css-slbfx3-MuiTypography-root"
  >
    Typescript, ReactJS, NextJS e Styled Components
  </p>
  <img
    class="css-5h5p0m"
    src="/img/hero-illustration.svg"
  />
</div>
`;
